Archive member included to satisfy reference by file (symbol)

c:/program files/microchip/xc8/v2.36/avr/bin/../lib/gcc/avr/5.4.0/avr5/memx-const\libgcc.a(_copy_data.o)
                              nrf24l01p.o (__do_copy_data)
c:/program files/microchip/xc8/v2.36/avr/bin/../lib/gcc/avr/5.4.0/../../../../avr/lib/avr5/memx-const\libc.a(exit.o)
                              C:/Program Files (x86)/Atmel/Studio/7.0/Packs/atmel/ATmega_DFP/1.7.374/xc8/avr/lib/avr5/memx-const/crtatmega328p.o (exit)
c:/program files/microchip/xc8/v2.36/avr/bin/../lib/gcc/avr/5.4.0/../../../../avr/lib/avr5/memx-const\libc.a(_Exit.o)
                              c:/program files/microchip/xc8/v2.36/avr/bin/../lib/gcc/avr/5.4.0/../../../../avr/lib/avr5/memx-const\libc.a(exit.o) (_Exit)
C:/Program Files (x86)/Atmel/Studio/7.0/Packs/atmel/ATmega_DFP/1.7.374/xc8/avr/lib/avr5/memx-const\libatmega328p.a(eerd_byte.o)
                              main.o (eeprom_read_byte)
c:/program files/microchip/xc8/v2.36/avr/bin/../lib/gcc/avr/5.4.0/avr5/memx-const\libgcc.a(_exit.o)
                              c:/program files/microchip/xc8/v2.36/avr/bin/../lib/gcc/avr/5.4.0/../../../../avr/lib/avr5/memx-const\libc.a(_Exit.o) (_exit)

Allocating common symbols
Common symbol       size              file

code_address        0x2               main.o
lock_code           0x1               main.o

Discarded input sections

 .data          0x0000000000000000        0x0 C:/Program Files (x86)/Atmel/Studio/7.0/Packs/atmel/ATmega_DFP/1.7.374/xc8/avr/lib/avr5/memx-const/crtatmega328p.o
 .bss           0x0000000000000000        0x0 C:/Program Files (x86)/Atmel/Studio/7.0/Packs/atmel/ATmega_DFP/1.7.374/xc8/avr/lib/avr5/memx-const/crtatmega328p.o
 .text          0x0000000000000000        0x0 main.o
 .data          0x0000000000000000        0x0 main.o
 .bss           0x0000000000000000        0x0 main.o
 .text          0x0000000000000000        0x0 nrf24l01p.o
 .data          0x0000000000000000        0x0 nrf24l01p.o
 .bss           0x0000000000000000        0x0 nrf24l01p.o
 .text          0x0000000000000000        0x0 spi.o
 .data          0x0000000000000000        0x0 spi.o
 .bss           0x0000000000000000        0x0 spi.o
 .text          0x0000000000000000        0x0 c:/program files/microchip/xc8/v2.36/avr/bin/../lib/gcc/avr/5.4.0/avr5/memx-const\libgcc.a(_copy_data.o)
 .data          0x0000000000000000        0x0 c:/program files/microchip/xc8/v2.36/avr/bin/../lib/gcc/avr/5.4.0/avr5/memx-const\libgcc.a(_copy_data.o)
 .bss           0x0000000000000000        0x0 c:/program files/microchip/xc8/v2.36/avr/bin/../lib/gcc/avr/5.4.0/avr5/memx-const\libgcc.a(_copy_data.o)
 .text.libgcc.mul
                0x0000000000000000        0x0 c:/program files/microchip/xc8/v2.36/avr/bin/../lib/gcc/avr/5.4.0/avr5/memx-const\libgcc.a(_copy_data.o)
 .text.libgcc.div
                0x0000000000000000        0x0 c:/program files/microchip/xc8/v2.36/avr/bin/../lib/gcc/avr/5.4.0/avr5/memx-const\libgcc.a(_copy_data.o)
 .text.libgcc   0x0000000000000000        0x0 c:/program files/microchip/xc8/v2.36/avr/bin/../lib/gcc/avr/5.4.0/avr5/memx-const\libgcc.a(_copy_data.o)
 .text.libgcc.prologue
                0x0000000000000000        0x0 c:/program files/microchip/xc8/v2.36/avr/bin/../lib/gcc/avr/5.4.0/avr5/memx-const\libgcc.a(_copy_data.o)
 .text.libgcc.builtins
                0x0000000000000000        0x0 c:/program files/microchip/xc8/v2.36/avr/bin/../lib/gcc/avr/5.4.0/avr5/memx-const\libgcc.a(_copy_data.o)
 .text.libgcc.fmul
                0x0000000000000000        0x0 c:/program files/microchip/xc8/v2.36/avr/bin/../lib/gcc/avr/5.4.0/avr5/memx-const\libgcc.a(_copy_data.o)
 .text.libgcc.fixed
                0x0000000000000000        0x0 c:/program files/microchip/xc8/v2.36/avr/bin/../lib/gcc/avr/5.4.0/avr5/memx-const\libgcc.a(_copy_data.o)
 .text          0x0000000000000000        0x0 c:/program files/microchip/xc8/v2.36/avr/bin/../lib/gcc/avr/5.4.0/../../../../avr/lib/avr5/memx-const\libc.a(exit.o)
 .data          0x0000000000000000        0x0 c:/program files/microchip/xc8/v2.36/avr/bin/../lib/gcc/avr/5.4.0/../../../../avr/lib/avr5/memx-const\libc.a(exit.o)
 .bss           0x0000000000000000        0x0 c:/program files/microchip/xc8/v2.36/avr/bin/../lib/gcc/avr/5.4.0/../../../../avr/lib/avr5/memx-const\libc.a(exit.o)
 .text          0x0000000000000000        0x0 c:/program files/microchip/xc8/v2.36/avr/bin/../lib/gcc/avr/5.4.0/../../../../avr/lib/avr5/memx-const\libc.a(_Exit.o)
 .data          0x0000000000000000        0x0 c:/program files/microchip/xc8/v2.36/avr/bin/../lib/gcc/avr/5.4.0/../../../../avr/lib/avr5/memx-const\libc.a(_Exit.o)
 .bss           0x0000000000000000        0x0 c:/program files/microchip/xc8/v2.36/avr/bin/../lib/gcc/avr/5.4.0/../../../../avr/lib/avr5/memx-const\libc.a(_Exit.o)
 .text          0x0000000000000000        0x0 C:/Program Files (x86)/Atmel/Studio/7.0/Packs/atmel/ATmega_DFP/1.7.374/xc8/avr/lib/avr5/memx-const\libatmega328p.a(eerd_byte.o)
 .data          0x0000000000000000        0x0 C:/Program Files (x86)/Atmel/Studio/7.0/Packs/atmel/ATmega_DFP/1.7.374/xc8/avr/lib/avr5/memx-const\libatmega328p.a(eerd_byte.o)
 .bss           0x0000000000000000        0x0 C:/Program Files (x86)/Atmel/Studio/7.0/Packs/atmel/ATmega_DFP/1.7.374/xc8/avr/lib/avr5/memx-const\libatmega328p.a(eerd_byte.o)
 .stack.descriptors
                0x0000000000000000       0x1e C:/Program Files (x86)/Atmel/Studio/7.0/Packs/atmel/ATmega_DFP/1.7.374/xc8/avr/lib/avr5/memx-const\libatmega328p.a(eerd_byte.o)
 .text          0x0000000000000000        0x0 c:/program files/microchip/xc8/v2.36/avr/bin/../lib/gcc/avr/5.4.0/avr5/memx-const\libgcc.a(_exit.o)
 .data          0x0000000000000000        0x0 c:/program files/microchip/xc8/v2.36/avr/bin/../lib/gcc/avr/5.4.0/avr5/memx-const\libgcc.a(_exit.o)
 .bss           0x0000000000000000        0x0 c:/program files/microchip/xc8/v2.36/avr/bin/../lib/gcc/avr/5.4.0/avr5/memx-const\libgcc.a(_exit.o)
 .text.libgcc.mul
                0x0000000000000000        0x0 c:/program files/microchip/xc8/v2.36/avr/bin/../lib/gcc/avr/5.4.0/avr5/memx-const\libgcc.a(_exit.o)
 .text.libgcc.div
                0x0000000000000000        0x0 c:/program files/microchip/xc8/v2.36/avr/bin/../lib/gcc/avr/5.4.0/avr5/memx-const\libgcc.a(_exit.o)
 .text.libgcc   0x0000000000000000        0x0 c:/program files/microchip/xc8/v2.36/avr/bin/../lib/gcc/avr/5.4.0/avr5/memx-const\libgcc.a(_exit.o)
 .text.libgcc.prologue
                0x0000000000000000        0x0 c:/program files/microchip/xc8/v2.36/avr/bin/../lib/gcc/avr/5.4.0/avr5/memx-const\libgcc.a(_exit.o)
 .stack.descriptors
                0x0000000000000000       0x13 c:/program files/microchip/xc8/v2.36/avr/bin/../lib/gcc/avr/5.4.0/avr5/memx-const\libgcc.a(_exit.o)
 .text.libgcc.builtins
                0x0000000000000000        0x0 c:/program files/microchip/xc8/v2.36/avr/bin/../lib/gcc/avr/5.4.0/avr5/memx-const\libgcc.a(_exit.o)
 .text.libgcc.fmul
                0x0000000000000000        0x0 c:/program files/microchip/xc8/v2.36/avr/bin/../lib/gcc/avr/5.4.0/avr5/memx-const\libgcc.a(_exit.o)
 .text.libgcc.fixed
                0x0000000000000000        0x0 c:/program files/microchip/xc8/v2.36/avr/bin/../lib/gcc/avr/5.4.0/avr5/memx-const\libgcc.a(_exit.o)

Memory Configuration

Name             Origin             Length             Attributes
text             0x0000000000000000 0x0000000000008000 xr
data             0x0000000000800100 0x0000000000000800 rw !x
eeprom           0x0000000000810000 0x0000000000000400 rw !x
fuse             0x0000000000820000 0x0000000000000003 rw !x
lock             0x0000000000830000 0x0000000000000400 rw !x
signature        0x0000000000840000 0x0000000000000400 rw !x
user_signatures  0x0000000000850000 0x0000000000000400 rw !x
*default*        0x0000000000000000 0xffffffffffffffff

Linker script and memory map

Address of section .data set to 0x800100
LOAD C:/Program Files (x86)/Atmel/Studio/7.0/Packs/atmel/ATmega_DFP/1.7.374/xc8/avr/lib/avr5/memx-const/crtatmega328p.o
LOAD main.o
LOAD nrf24l01p.o
LOAD spi.o
START GROUP
LOAD c:/program files/microchip/xc8/v2.36/avr/bin/../lib/gcc/avr/5.4.0/../../../../avr/lib/avr5/memx-const\libm.a
END GROUP
START GROUP
LOAD c:/program files/microchip/xc8/v2.36/avr/bin/../lib/gcc/avr/5.4.0/avr5/memx-const\libgcc.a
LOAD c:/program files/microchip/xc8/v2.36/avr/bin/../lib/gcc/avr/5.4.0/../../../../avr/lib/avr5/memx-const\libm.a
LOAD c:/program files/microchip/xc8/v2.36/avr/bin/../lib/gcc/avr/5.4.0/../../../../avr/lib/avr5/memx-const\libc.a
LOAD C:/Program Files (x86)/Atmel/Studio/7.0/Packs/atmel/ATmega_DFP/1.7.374/xc8/avr/lib/avr5/memx-const\libatmega328p.a
END GROUP
                0x0000000000000000                __TEXT_REGION_ORIGIN__ = DEFINED (__TEXT_REGION_ORIGIN__)?__TEXT_REGION_ORIGIN__:0x0
                [0x0000000000800100]                __DATA_REGION_ORIGIN__ = DEFINED (__DATA_REGION_ORIGIN__)?__DATA_REGION_ORIGIN__:0x800060
                [0x0000000000008000]                __TEXT_REGION_LENGTH__ = DEFINED (__TEXT_REGION_LENGTH__)?__TEXT_REGION_LENGTH__:0x20000
                [0x0000000000000800]                __DATA_REGION_LENGTH__ = DEFINED (__DATA_REGION_LENGTH__)?__DATA_REGION_LENGTH__:0xffa0
                [0x0000000000000400]                __EEPROM_REGION_LENGTH__ = DEFINED (__EEPROM_REGION_LENGTH__)?__EEPROM_REGION_LENGTH__:0x10000
                [0x0000000000000003]                __FUSE_REGION_LENGTH__ = DEFINED (__FUSE_REGION_LENGTH__)?__FUSE_REGION_LENGTH__:0x400
                0x0000000000000400                __LOCK_REGION_LENGTH__ = DEFINED (__LOCK_REGION_LENGTH__)?__LOCK_REGION_LENGTH__:0x400
                0x0000000000000400                __SIGNATURE_REGION_LENGTH__ = DEFINED (__SIGNATURE_REGION_LENGTH__)?__SIGNATURE_REGION_LENGTH__:0x400
                0x0000000000000400                __USER_SIGNATURE_REGION_LENGTH__ = DEFINED (__USER_SIGNATURE_REGION_LENGTH__)?__USER_SIGNATURE_REGION_LENGTH__:0x400

.hash
 *(.hash)

.dynsym
 *(.dynsym)

.dynstr
 *(.dynstr)

.gnu.version
 *(.gnu.version)

.gnu.version_d
 *(.gnu.version_d)

.gnu.version_r
 *(.gnu.version_r)

.rel.init
 *(.rel.init)

.rela.init
 *(.rela.init)

.rel.text
 *(.rel.text)
 *(.rel.text.*)
 *(.rel.gnu.linkonce.t*)

.rela.text
 *(.rela.text)
 *(.rela.text.*)
 *(.rela.gnu.linkonce.t*)

.rel.fini
 *(.rel.fini)

.rela.fini
 *(.rela.fini)

.rel.rodata
 *(.rel.rodata)
 *(.rel.rodata.*)
 *(.rel.gnu.linkonce.r*)

.rela.rodata
 *(.rela.rodata)
 *(.rela.rodata.*)
 *(.rela.gnu.linkonce.r*)

.rel.data
 *(.rel.data)
 *(.rel.data.*)
 *(.rel.gnu.linkonce.d*)

.rela.data
 *(.rela.data)
 *(.rela.data.*)
 *(.rela.gnu.linkonce.d*)

.rel.ctors
 *(.rel.ctors)

.rela.ctors
 *(.rela.ctors)

.rel.dtors
 *(.rel.dtors)

.rela.dtors
 *(.rela.dtors)

.rel.got
 *(.rel.got)

.rela.got
 *(.rela.got)

.rel.bss
 *(.rel.bss)

.rela.bss
 *(.rela.bss)

.rel.plt
 *(.rel.plt)

.rela.plt
 *(.rela.plt)

.text           0x0000000000000000       0xc8
 *(.vectors)
 .vectors       0x0000000000000000       0x68 C:/Program Files (x86)/Atmel/Studio/7.0/Packs/atmel/ATmega_DFP/1.7.374/xc8/avr/lib/avr5/memx-const/crtatmega328p.o
                0x0000000000000000                __vector_default
                0x0000000000000000                __vectors
 *(.vectors)
 *(.progmem.gcc*)
 *(.dinit)
 .dinit         0x0000000000000068        0xc data_init
                0x0000000000000074                . = ALIGN (0x2)
 *fill*         0x0000000000000074        0x0 
                0x0000000000000074                __trampolines_start = .
 *(.trampolines)
 .trampolines   0x0000000000000074        0x0 linker stubs
 *(.trampolines*)
                0x0000000000000074                __trampolines_end = .
 *libprintf_flt.a:*(.progmem.data)
 *libc.a:*(.progmem.data)
                0x0000000000000074                . = ALIGN (0x2)
 *(.jumptables)
 *(.jumptables*)
 *(.lowtext)
 *(.lowtext*)
                0x0000000000000074                __ctors_start = .
 *(.ctors)
                0x0000000000000074                __ctors_end = .
                0x0000000000000074                __dtors_start = .
 *(.dtors)
                0x0000000000000074                __dtors_end = .
 SORT(*)(.ctors)
 SORT(*)(.dtors)
 *(.init0)
 .init0         0x0000000000000074        0x0 C:/Program Files (x86)/Atmel/Studio/7.0/Packs/atmel/ATmega_DFP/1.7.374/xc8/avr/lib/avr5/memx-const/crtatmega328p.o
                0x0000000000000074                __init
 *(.init0)
 *(.init1)
 *(.init1)
 *(.init2)
 .init2         0x0000000000000074        0xc C:/Program Files (x86)/Atmel/Studio/7.0/Packs/atmel/ATmega_DFP/1.7.374/xc8/avr/lib/avr5/memx-const/crtatmega328p.o
 *(.init2)
 *(.init3)
 *(.init3)
 *(.init4)
 .init4         0x0000000000000080       0x3c c:/program files/microchip/xc8/v2.36/avr/bin/../lib/gcc/avr/5.4.0/avr5/memx-const\libgcc.a(_copy_data.o)
                0x0000000000000080                __do_copy_data
                0x00000000000000ae                __do_clear_bss
 *(.init4)
 *(.init5)
 *(.init5)
 *(.init6)
 *(.init6)
 *(.init7)
 *(.init7)
 *(.init8)
 *(.init8)
 *(.init9)
 .init9         0x00000000000000bc        0x8 C:/Program Files (x86)/Atmel/Studio/7.0/Packs/atmel/ATmega_DFP/1.7.374/xc8/avr/lib/avr5/memx-const/crtatmega328p.o
 *(.init9)
                0x00000000000000c4                . = ALIGN (0x2)
 *(.fini9)
 .fini9         0x00000000000000c4        0x0 c:/program files/microchip/xc8/v2.36/avr/bin/../lib/gcc/avr/5.4.0/avr5/memx-const\libgcc.a(_exit.o)
                0x00000000000000c4                _exit
 *(.fini9)
 *(.fini8)
 *(.fini8)
 *(.fini7)
 *(.fini7)
 *(.fini6)
 *(.fini6)
 *(.fini5)
 *(.fini5)
 *(.fini4)
 *(.fini4)
 *(.fini3)
 *(.fini3)
 *(.fini2)
 *(.fini2)
 *(.fini1)
 *(.fini1)
 *(.fini0)
 .fini0         0x00000000000000c4        0x4 c:/program files/microchip/xc8/v2.36/avr/bin/../lib/gcc/avr/5.4.0/avr5/memx-const\libgcc.a(_exit.o)
 *(.fini0)
                0x00000000000000c8                _etext = .

.data           0x0000000000800100        0x0 load address 0x00000000000000c8
                [!provide]                        PROVIDE (__data_start, .)
 *(.gnu.linkonce.d*)
 *(.gnu.linkonce.r*)
                0x0000000000800100                . = ALIGN (0x2)
                0x0000000000800100                _edata = .
                [!provide]                        PROVIDE (__data_end, .)

.bss            0x0000000000800100        0x3
                [!provide]                        PROVIDE (__bss_start, .)
 *(COMMON)
 COMMON         0x0000000000800100        0x3 main.o
                0x0000000000800100                code_address
                0x0000000000800102                lock_code
                [!provide]                        PROVIDE (__bss_end, .)
                0x00000000000000c8                __data_load_start = LOADADDR (.data)
                0x00000000000000c8                __data_load_end = (__data_load_start + SIZEOF (.data))

.noinit         0x0000000000800103        0x0
                [!provide]                        PROVIDE (__noinit_start, .)
 *(.noinit*)
                [!provide]                        PROVIDE (__noinit_end, .)
                0x0000000000800103                _end = .

.eeprom         0x0000000000810000        0x0
 *(.eeprom*)
                0x0000000000810000                __eeprom_end = .

.fuse
 *(.fuse)
 *(.lfuse)
 *(.hfuse)
 *(.efuse)

.lock
 *(.lock*)

.signature
 *(.signature*)

.user_signatures
 *(.user_signatures*)

.stab
 *(.stab)

.stabstr
 *(.stabstr)

.stab.excl
 *(.stab.excl)

.stab.exclstr
 *(.stab.exclstr)

.stab.index
 *(.stab.index)

.stab.indexstr
 *(.stab.indexstr)

.comment        0x0000000000000000       0x2f
 *(.comment)
 .comment       0x0000000000000000       0x2f main.o
                                         0x30 (size before relaxing)
 .comment       0x000000000000002f       0x30 nrf24l01p.o
 .comment       0x000000000000002f       0x30 spi.o
 .comment       0x000000000000002f       0x30 c:/program files/microchip/xc8/v2.36/avr/bin/../lib/gcc/avr/5.4.0/../../../../avr/lib/avr5/memx-const\libc.a(exit.o)
 .comment       0x000000000000002f       0x30 c:/program files/microchip/xc8/v2.36/avr/bin/../lib/gcc/avr/5.4.0/../../../../avr/lib/avr5/memx-const\libc.a(_Exit.o)

.note.GNU-stack
                0x0000000000000000        0x0
 .note.GNU-stack
                0x0000000000000000        0x0 c:/program files/microchip/xc8/v2.36/avr/bin/../lib/gcc/avr/5.4.0/../../../../avr/lib/avr5/memx-const\libc.a(exit.o)
 .note.GNU-stack
                0x0000000000000000        0x0 c:/program files/microchip/xc8/v2.36/avr/bin/../lib/gcc/avr/5.4.0/../../../../avr/lib/avr5/memx-const\libc.a(_Exit.o)

.stack.descriptors.hdr
                0x0000000000000000       0x1c
 .stack.descriptors.hdr
                0x0000000000000000        0xe C:/Program Files (x86)/Atmel/Studio/7.0/Packs/atmel/ATmega_DFP/1.7.374/xc8/avr/lib/avr5/memx-const\libatmega328p.a(eerd_byte.o)
 .stack.descriptors.hdr
                0x000000000000000e        0xe c:/program files/microchip/xc8/v2.36/avr/bin/../lib/gcc/avr/5.4.0/avr5/memx-const\libgcc.a(_exit.o)

.note.gnu.build-id
 *(.note.gnu.build-id)

.debug
 *(.debug)

.line
 *(.line)

.debug_srcinfo
 *(.debug_srcinfo)

.debug_sfnames
 *(.debug_sfnames)

.debug_aranges  0x0000000000000000      0x120
 *(.debug_aranges)
 .debug_aranges
                0x0000000000000000       0x68 main.o
 .debug_aranges
                0x0000000000000068       0x70 nrf24l01p.o
 .debug_aranges
                0x00000000000000d8       0x28 spi.o
 .debug_aranges
                0x0000000000000100       0x20 C:/Program Files (x86)/Atmel/Studio/7.0/Packs/atmel/ATmega_DFP/1.7.374/xc8/avr/lib/avr5/memx-const\libatmega328p.a(eerd_byte.o)

.debug_pubnames
 *(.debug_pubnames)

.debug_info     0x0000000000000000     0x2075
 *(.debug_info .gnu.linkonce.wi.*)
 .debug_info    0x0000000000000000      0x5f4 C:/Program Files (x86)/Atmel/Studio/7.0/Packs/atmel/ATmega_DFP/1.7.374/xc8/avr/lib/avr5/memx-const/crtatmega328p.o
 .debug_info    0x00000000000005f4      0xa32 main.o
 .debug_info    0x0000000000001026      0xd0e nrf24l01p.o
 .debug_info    0x0000000000001d34      0x296 spi.o
 .debug_info    0x0000000000001fca       0xab C:/Program Files (x86)/Atmel/Studio/7.0/Packs/atmel/ATmega_DFP/1.7.374/xc8/avr/lib/avr5/memx-const\libatmega328p.a(eerd_byte.o)

.debug_abbrev   0x0000000000000000      0xad6
 *(.debug_abbrev)
 .debug_abbrev  0x0000000000000000      0x5a2 C:/Program Files (x86)/Atmel/Studio/7.0/Packs/atmel/ATmega_DFP/1.7.374/xc8/avr/lib/avr5/memx-const/crtatmega328p.o
 .debug_abbrev  0x00000000000005a2      0x236 main.o
 .debug_abbrev  0x00000000000007d8      0x27b nrf24l01p.o
 .debug_abbrev  0x0000000000000a53       0x6f spi.o
 .debug_abbrev  0x0000000000000ac2       0x14 C:/Program Files (x86)/Atmel/Studio/7.0/Packs/atmel/ATmega_DFP/1.7.374/xc8/avr/lib/avr5/memx-const\libatmega328p.a(eerd_byte.o)

.debug_line     0x0000000000000000      0xa93
 *(.debug_line .debug_line.* .debug_line_end)
 .debug_line    0x0000000000000000      0x137 C:/Program Files (x86)/Atmel/Studio/7.0/Packs/atmel/ATmega_DFP/1.7.374/xc8/avr/lib/avr5/memx-const/crtatmega328p.o
 .debug_line    0x0000000000000137      0x3d7 main.o
 .debug_line    0x000000000000050e      0x44d nrf24l01p.o
 .debug_line    0x000000000000095b       0xb6 spi.o
 .debug_line    0x0000000000000a11       0x82 C:/Program Files (x86)/Atmel/Studio/7.0/Packs/atmel/ATmega_DFP/1.7.374/xc8/avr/lib/avr5/memx-const\libatmega328p.a(eerd_byte.o)

.debug_frame    0x0000000000000000      0x298
 *(.debug_frame)
 .debug_frame   0x0000000000000000      0x100 main.o
 .debug_frame   0x0000000000000100      0x164 nrf24l01p.o
 .debug_frame   0x0000000000000264       0x34 spi.o

.debug_str      0x0000000000000000      0x30d
 *(.debug_str)
 .debug_str     0x0000000000000000      0x208 C:/Program Files (x86)/Atmel/Studio/7.0/Packs/atmel/ATmega_DFP/1.7.374/xc8/avr/lib/avr5/memx-const/crtatmega328p.o
 .debug_str     0x0000000000000208       0xb6 main.o
 .debug_str     0x00000000000002be       0x4f nrf24l01p.o
 .debug_str     0x000000000000030d        0x0 spi.o

.debug_loc      0x0000000000000000      0xb83
 *(.debug_loc)
 .debug_loc     0x0000000000000000      0x55c main.o
 .debug_loc     0x000000000000055c      0x608 nrf24l01p.o
 .debug_loc     0x0000000000000b64       0x1f spi.o

.debug_macinfo
 *(.debug_macinfo)

.debug_weaknames
 *(.debug_weaknames)

.debug_funcnames
 *(.debug_funcnames)

.debug_typenames
 *(.debug_typenames)

.debug_varnames
 *(.debug_varnames)

.debug_pubtypes
 *(.debug_pubtypes)

.debug_ranges   0x0000000000000000       0xd0
 *(.debug_ranges)
 .debug_ranges  0x0000000000000000       0x58 main.o
 .debug_ranges  0x0000000000000058       0x60 nrf24l01p.o
 .debug_ranges  0x00000000000000b8       0x18 spi.o

.debug_macro
 *(.debug_macro)
OUTPUT(vehicle.elf elf32-avr)
LOAD linker stubs
LOAD data_init

.note.gnu.avr.deviceinfo
                0x0000000000000000       0x40
 .note.gnu.avr.deviceinfo
                0x0000000000000000       0x40 C:/Program Files (x86)/Atmel/Studio/7.0/Packs/atmel/ATmega_DFP/1.7.374/xc8/avr/lib/avr5/memx-const/crtatmega328p.o

.text.Init_RF   0x00000000000000c8      0x14a
 .text.Init_RF  0x00000000000000c8      0x14a nrf24l01p.o
                0x00000000000000c8                Init_RF

.text.nrf24_state
                0x0000000000000212       0xfe
 .text.nrf24_state
                0x0000000000000212       0xfe nrf24l01p.o
                0x0000000000000212                nrf24_state

.text.Unlock_state_handle
                0x0000000000000310       0xe8
 .text.Unlock_state_handle
                0x0000000000000310       0xe8 main.o
                0x0000000000000310                Unlock_state_handle

.text.nrf24_send_message
                0x00000000000003f8       0xcc
 .text.nrf24_send_message
                0x00000000000003f8       0xcc nrf24l01p.o
                0x00000000000003f8                nrf24_send_message

.text.main      0x00000000000004c4       0x74
 .text.main     0x00000000000004c4       0x74 main.o
                0x00000000000004c4                main

.text.flashled  0x0000000000000538       0x66
 .text.flashled
                0x0000000000000538       0x66 main.o
                0x0000000000000538                flashled

.text.nrf24_send_spi
                0x000000000000059e       0x5e
 .text.nrf24_send_spi
                0x000000000000059e       0x5e nrf24l01p.o
                0x000000000000059e                nrf24_send_spi

.text.Locked_state_handle
                0x00000000000005fc       0x52
 .text.Locked_state_handle
                0x00000000000005fc       0x52 main.o
                0x00000000000005fc                Locked_state_handle

.text.nrf24_read_message
                0x000000000000064e       0x46
 .text.nrf24_read_message
                0x000000000000064e       0x46 nrf24l01p.o
                0x000000000000064e                nrf24_read_message

.text.nrf24_RX_power
                0x0000000000000694       0x24
 .text.nrf24_RX_power
                0x0000000000000694       0x24 nrf24l01p.o
                0x0000000000000694                nrf24_RX_power

.text.Change_Code
                0x00000000000006b8       0x22
 .text.Change_Code
                0x00000000000006b8       0x22 main.o
                0x00000000000006b8                Change_Code

.text.nrf24_start_listening
                0x00000000000006da       0x1a
 .text.nrf24_start_listening
                0x00000000000006da       0x1a nrf24l01p.o
                0x00000000000006da                nrf24_start_listening

.text.turn_off_led
                0x00000000000006f4       0x18
 .text.turn_off_led
                0x00000000000006f4       0x18 main.o
                0x00000000000006f4                turn_off_led

.text.Init_RF_Port
                0x000000000000070c       0x18
 .text.Init_RF_Port
                0x000000000000070c       0x18 nrf24l01p.o
                0x000000000000070c                Init_RF_Port

.text.turn_on_led
                0x0000000000000724       0x16
 .text.turn_on_led
                0x0000000000000724       0x16 main.o
                0x0000000000000724                turn_on_led

.text.Init_LED  0x000000000000073a       0x16
 .text.Init_LED
                0x000000000000073a       0x16 main.o
                0x000000000000073a                Init_LED

.text.exit      0x0000000000000750       0x16
 .text.exit     0x0000000000000750       0x16 c:/program files/microchip/xc8/v2.36/avr/bin/../lib/gcc/avr/5.4.0/../../../../avr/lib/avr5/memx-const\libc.a(exit.o)
                0x0000000000000750                exit

.text.avrlibc   0x0000000000000766       0x12
 .text.avrlibc  0x0000000000000766       0x12 C:/Program Files (x86)/Atmel/Studio/7.0/Packs/atmel/ATmega_DFP/1.7.374/xc8/avr/lib/avr5/memx-const\libatmega328p.a(eerd_byte.o)
                0x0000000000000766                eeprom_read_byte

.text.Init_MainSwitch
                0x0000000000000778        0xe
 .text.Init_MainSwitch
                0x0000000000000778        0xe main.o
                0x0000000000000778                Init_MainSwitch

.text.Sampling_MainSwitch
                0x0000000000000786        0xc
 .text.Sampling_MainSwitch
                0x0000000000000786        0xc main.o
                0x0000000000000786                Sampling_MainSwitch

.text.nrf24_RX_data_available
                0x0000000000000792        0xc
 .text.nrf24_RX_data_available
                0x0000000000000792        0xc nrf24l01p.o
                0x0000000000000792                nrf24_RX_data_available

.text.Init_SPI  0x000000000000079e        0xc
 .text.Init_SPI
                0x000000000000079e        0xc spi.o
                0x000000000000079e                Init_SPI

.text.SPI_MasterTransmit
                0x00000000000007aa        0xc
 .text.SPI_MasterTransmit
                0x00000000000007aa        0xc spi.o
                0x00000000000007aa                SPI_MasterTransmit

.text.nrf24_write
                0x00000000000007b6        0x8
 .text.nrf24_write
                0x00000000000007b6        0x8 nrf24l01p.o
                0x00000000000007b6                nrf24_write

.text.nrf24_read
                0x00000000000007be        0x6
 .text.nrf24_read
                0x00000000000007be        0x6 nrf24l01p.o
                0x00000000000007be                nrf24_read

.text           0x00000000000007c4        0x4
 .text          0x00000000000007c4        0x4 C:/Program Files (x86)/Atmel/Studio/7.0/Packs/atmel/ATmega_DFP/1.7.374/xc8/avr/lib/avr5/memx-const/crtatmega328p.o
                0x00000000000007c4                __vector_22
                0x00000000000007c4                __vector_1
                0x00000000000007c4                __vector_24
                0x00000000000007c4                __vector_12
                0x00000000000007c4                __bad_interrupt
                0x00000000000007c4                __vector_6
                0x00000000000007c4                __vector_3
                0x00000000000007c4                __vector_23
                0x00000000000007c4                __vector_25
                0x00000000000007c4                __vector_11
                0x00000000000007c4                __vector_13
                0x00000000000007c4                __vector_17
                0x00000000000007c4                __vector_19
                0x00000000000007c4                __vector_7
                0x00000000000007c4                __vector_5
                0x00000000000007c4                __vector_4
                0x00000000000007c4                __vector_9
                0x00000000000007c4                __vector_2
                0x00000000000007c4                __vector_21
                0x00000000000007c4                __vector_15
                0x00000000000007c4                __vector_8
                0x00000000000007c4                __vector_14
                0x00000000000007c4                __vector_10
                0x00000000000007c4                __vector_16
                0x00000000000007c4                __vector_18
                0x00000000000007c4                __vector_20

.text._Exit     0x00000000000007c8        0x4
 .text._Exit    0x00000000000007c8        0x4 c:/program files/microchip/xc8/v2.36/avr/bin/../lib/gcc/avr/5.4.0/../../../../avr/lib/avr5/memx-const\libc.a(_Exit.o)
                0x00000000000007c8                _Exit

.text.__dummy_fini
                0x00000000000007cc        0x2
 .text.__dummy_fini
                0x00000000000007cc        0x2 c:/program files/microchip/xc8/v2.36/avr/bin/../lib/gcc/avr/5.4.0/../../../../avr/lib/avr5/memx-const\libc.a(exit.o)
                0x00000000000007cc                _fini

.text.__dummy_funcs_on_exit
                0x00000000000007ce        0x2
 .text.__dummy_funcs_on_exit
                0x00000000000007ce        0x2 c:/program files/microchip/xc8/v2.36/avr/bin/../lib/gcc/avr/5.4.0/../../../../avr/lib/avr5/memx-const\libc.a(exit.o)
                0x00000000000007ce                __funcs_on_exit

.text.__dummy_simulator_exit
                0x00000000000007d0        0x2
 .text.__dummy_simulator_exit
                0x00000000000007d0        0x2 c:/program files/microchip/xc8/v2.36/avr/bin/../lib/gcc/avr/5.4.0/../../../../avr/lib/avr5/memx-const\libc.a(exit.o)
                0x00000000000007d0                __simulator_exit

.data.tx_address
                0x0000000000800103        0x5 load address 0x00000000000007d2
 .data.tx_address
                0x0000000000800103        0x5 nrf24l01p.o
                0x0000000000800103                tx_address

.data.rx_address
                0x0000000000800108        0x5 load address 0x00000000000007d7
 .data.rx_address
                0x0000000000800108        0x5 nrf24l01p.o
                0x0000000000800108                rx_address
